// Jest Snapshot v1, https://goo.gl/fbAQLP

exports[`Test en <GifItem /> Debe coincidir con el snapshot  1`] = `
<div>
  <div>
     
    <div
      class="card"
    >
      <img
        alt="gif"
        src="https://dragon-ball.com/goku.jpg"
      />
      <p>
        Dragon Ball
      </p>
    </div>
  </div>
</div>
`;
